
ollama service (изменил Environment):
GNU nano 6.2                                                                         /etc/systemd/system/ollama.service.d/.#override.conf24da5eacdff85f21 *
### Editing /etc/systemd/system/ollama.service.d/override.conf
### Anything between here and the comment below will become the new contents of the file



### Lines below this comment will be discarded

### /etc/systemd/system/ollama.service
# [Unit]
# Description=Ollama Service
# After=network-online.target
#
# [Service]
# ExecStart=/usr/local/bin/ollama serve
# User=ollama
# Group=ollama
# Restart=always
# RestartSec=3
# Environment="OLLAMA_HOST=0.0.0.0"
#
# [Install]
# WantedBy=default.target




developer@ac-srv-141:~/Verba$ ip -4 addr show docker0 | grep -oP 'inet \K[\d.]+'
172.17.0.1
developer@ac-srv-141:~/Verba$ sudo ss -tulnp | grep 11434
tcp   LISTEN 0      4096       127.0.0.1:11434      0.0.0.0:*    users:(("ollama",pid=365191,fd=3))
developer@ac-srv-141:~/Verba$ sudo systemctl edit ollama.service
Editing "/etc/systemd/system/ollama.service.d/override.conf" canceled: temporary file is empty.
developer@ac-srv-141:~/Verba$ sudo system daemon-reload
sudo: system: command not found
developer@ac-srv-141:~/Verba$ sudo systemctl daemon-reload
developer@ac-srv-141:~/Verba$ sudo restart ollama
sudo: restart: command not found
developer@ac-srv-141:~/Verba$ sudo systemctl restart ollama
developer@ac-srv-141:~/Verba$ sudo ss -tulnp | grep 11434
tcp   LISTEN 0      4096       127.0.0.1:11434      0.0.0.0:*    users:(("ollama",pid=392828,fd=3))
developer@ac-srv-141:~/Verba$

docker-compose.yml
services:
  verba:
    build:
      context: ./
      dockerfile: Dockerfile
    ports:
      - 8000:8000
    environment:
      - WEAVIATE_URL_VERBA=http://weaviate:8080
      - OPENAI_API_KEY=$OPENAI_API_KEY
      - COHERE_API_KEY=$COHERE_API_KEY
      - OLLAMA_URL=http://host.docker.internal:11434
      - OLLAMA_MODEL=$OLLAMA_MODEL
      - OLLAMA_EMBED_MODEL=$OLLAMA_EMBED_MODEL
      - UNSTRUCTURED_API_KEY=$UNSTRUCTURED_API_KEY
      - UNSTRUCTURED_API_URL=$UNSTRUCTURED_API_URL
      - GITHUB_TOKEN=$GITHUB_TOKEN

    volumes:
      - ./data:/data/
    depends_on:
      weaviate:
        condition: service_healthy
    extra_hosts:
      - "host.docker.internal:172.17.0.1"
    healthcheck:
      test: wget --no-verbose --tries=3 --spider http://localhost:8000 || exit 1
      interval: 5s
      timeout: 10s
      retries: 5
      start_period: 10s
    networks:
      - ollama-docker

  weaviate:
    command:
      - --host
      - 0.0.0.0
      - --port
      - '8080'
      - --scheme
      - http
    image: semitechnologies/weaviate:1.25.10
    ports:
      - 8080:8080
      - 3000:8080
    volumes:
      - weaviate_data:/var/lib/weaviate
    restart: on-failure:0
    healthcheck:
      test: wget --no-verbose --tries=3 --spider http://localhost:8080/v1/.well-known/ready || exit 1
      interval: 5s
      timeout: 10s
      retries: 5
      start_period: 10s
    environment:
      OPENAI_APIKEY: $OPENAI_API_KEY
      COHERE_APIKEY: $COHERE_API_KEY
      QUERY_DEFAULTS_LIMIT: 25
      AUTHENTICATION_ANONYMOUS_ACCESS_ENABLED: 'true'
      PERSISTENCE_DATA_PATH: '/var/lib/weaviate'
      ENABLE_MODULES: 'e'
      CLUSTER_HOSTNAME: 'node1'
    networks:
      - ollama-docker

